// Jest Snapshot v1, https://goo.gl/fbAQLP

exports[`Search renders search result components correctly 1`] = `
<DocumentFragment>
  <img
    alt="spaceImage"
    class="search-results"
    src="moon"
  />
  <img
    alt="spaceImage"
    class="search-results"
    src="venus"
  />
</DocumentFragment>
`;
